SENT StagePro AI
SENT RoomStudioAI
SENT Interior Amore
SENT Framehouse
SENT RoomLab
SENT AI Renovation
SENT Modora
SENT Home Visualizer AI
SENT Decor8 AI
SENT Edensign
SENT Space Designer 3D
SENT Spoak
SENT Floor Plan Creator
SENT Twindo
SENT DreamPlan
SENT Collov AI
SENT Spacely AI
SENT Maket AI
SENT Virtual Architect
SENT Ashampoo
SENT iScape
SENT Yardzen
SENT Home Outside
SENT Idea Spectrum
SENT Bower & Branch
SENT ProKitchen
SENT Daltile
SENT Wilsonart
SENT Wren Kitchens
SENT Magnet Kitchens
SENT Sayduck
SENT Intiaro
SENT Threekit
SENT Emersya
SENT PPG Paints
SENT Crown Paints
SENT Fired Earth
SENT SampleBoard
SENT Niice
SENT Phixer
SENT Karndean
SENT SimpliSafe
SENT Thumbtack
SENT Angi
SENT Mohawk
SENT Shaw Floors
SENT Awair
SENT Akuvox
SENT SwitchBot
SENT eufy
ALL DONE
